scenario: restated proposal preserves quiet mode
fm_home: /Users/jhelrigle/.no-mistakes/worktrees/1f0ca6dcf975/01M32NNSJ6B4NHZTX4E8NVN6VJ/.tmp.fmhome.restate.vZNGXT
first_propose_exit=3
first_propose_mode=quiet
Away posture read-back (proposed, not yet confirmed):
  entered: 2026-09-21T20:13:24Z
  expected return: not given
  spend cap: 4 concurrent workers
  merge when green (task ids): (none)
  reach: hold-for-return only. No phone channel is configured; anything that needs you waits for your return.
  your words (verbatim):
    second
  accepted clauses:
    1. merge task when if checks pass
  refused clauses:
    (none)
  everything else waits for your return: no red merge without its named check, no discard without a named object and condition, never credentials, legal, financial, or attended prompts, nothing by analogy, and every clause expires at return.
  hard rule: forbidden, destructive, irreversible, and security-sensitive actions are never pre-authorizable regardless of clause text; no recorded clause is authority by itself.
  recorded clauses are held for the return brief and are not executed by this release.
Say go to confirm; restate any refused clause first if you want it recorded.
second_propose_mode=quiet
Away posture confirmed at 2026-09-21T20:13:25Z: hold-for-return only. No phone channel is configured; anything that needs you waits for your return. 1 mandate clause(s) recorded, 0 refused, and 0 flagged as naming a never-set concept; recorded clauses are held for the return brief and are not executed by this release; forbidden, destructive, irreversible, and security-sensitive actions are never pre-authorizable regardless of clause text, and no recorded clause is authority by itself. Expected return: not given. Spend cap: 4 concurrent workers.
confirmed_mode=quiet
first_propose_output_start
Away posture read-back (proposed, not yet confirmed):
  entered: 2026-09-21T20:13:23Z
  expected return: not given
  spend cap: 4 concurrent workers
  merge when green (task ids): (none)
  reach: hold-for-return only. No phone channel is configured; anything that needs you waits for your return.
  your words (verbatim):
    first
  accepted clauses:
    (none)
  refused clauses:
    1. "action=merge object=task when=(none)" - refused: missing when - the clause states no precondition
  everything else waits for your return: no red merge without its named check, no discard without a named object and condition, never credentials, legal, financial, or attended prompts, nothing by analogy, and every clause expires at return.
  hard rule: forbidden, destructive, irreversible, and security-sensitive actions are never pre-authorizable regardless of clause text; no recorded clause is authority by itself.
  recorded clauses are held for the return brief and are not executed by this release.
Say go to confirm; restate any refused clause first if you want it recorded.
first_propose_output_end
