scenario=scenario1_quiet_contract_and_flag_bearings
tmp=./tmp-live-afk.t8cGAx
Away posture read-back (proposed, not yet confirmed):
  entered: 2026-09-21T20:07:17Z
  expected return: not given
  spend cap: 4 concurrent workers
  merge when green (task ids): (none)
  reach: hold-for-return only. No phone channel is configured; anything that needs you waits for your return.
  your words (verbatim):
    scenario scenario1_quiet_contract_and_flag_bearings
  accepted clauses:
    (none)
  refused clauses:
    (none)
  everything else waits for your return: no red merge without its named check, no discard without a named object and condition, never credentials, legal, financial, or attended prompts, nothing by analogy, and every clause expires at return.
  hard rule: forbidden, destructive, irreversible, and security-sensitive actions are never pre-authorizable regardless of clause text; no recorded clause is authority by itself.
  recorded clauses are held for the return brief and are not executed by this release.
Say go to confirm; restate any refused clause first if you want it recorded.
Away posture confirmed at 2026-09-21T20:07:17Z: hold-for-return only. No phone channel is configured; anything that needs you waits for your return. No mandate clauses recorded. Forbidden, destructive, irreversible, and security-sensitive actions are never pre-authorizable regardless of clause text, and no recorded clause is authority by itself. Expected return: not given. Spend cap: 4 concurrent workers.
flag_written=quiet
{
  "schema": "fm-bearings.v1",
  "home": "./tmp-live-afk.t8cGAx",
  "generated": "2026-09-21T20:07:18Z",
  "prs": "not_requested (run: /bearings include PRs)",
  "contributions": {
    "scope": "owned contributions per home",
    "known": 0,
    "checked": 0,
    "counts": {
      "captain": 0,
      "fleet": 0,
      "maintainer": 0,
      "nobody": 0
    },
    "complete": false,
    "proven_clear": false,
    "unmeasured_homes": 0,
    "unreadable_records": 1,
    "unmeasured": 0,
    "stale_verdicts": 0,
    "missing_verdicts": 0,
    "captain_omitted": 0,
    "captain": []
  },
  "in_flight": [],
  "secondmates": [],
  "secondmate_reconcile": [],
  "decisions_open": [],
  "landed": [],
  "gates": [],
  "reports": [],
  "recorded_prs": [],
  "omitted": [
    {
      "surface": "backlog item bodies",
      "reveal": "--fields bodies"
    },
    {
      "surface": "task paths",
      "reveal": "--fields paths"
    },
    {
      "surface": "watch/steer actions",
      "reveal": "--fields actions"
    },
    {
      "surface": "healthy endpoint detail",
      "reveal": "--fields endpoints"
    },
    {
      "surface": "full scout-report inventory",
      "reveal": "--all-reports"
    },
    {
      "surface": "live PR discovery + checks",
      "reveal": "--include-prs"
    }
  ]
}
exit_code=0
